**********************
Windows PowerShell transcript start
Start time: 20260510130259
Username: LZ\lz950
RunAs User: LZ\lz950
Configuration Name: 
Machine: LZ (Microsoft Windows NT 10.0.26200.0)
Host Application: C:\WINDOWS\System32\WindowsPowerShell\v1.0\powershell.exe -NoProfile -ExecutionPolicy Bypass -File D:\SteamLibrary\steamapps\common\Slay the Spire 2\mods\_inner\一键安装包v2.6.0\bootstrap.ps1
Process ID: 41272
PSVersion: 5.1.26100.8328
PSEdition: Desktop
PSCompatibleVersions: 1.0, 2.0, 3.0, 4.0, 5.0, 5.1.26100.8328
BuildVersion: 10.0.26100.8328
CLRVersion: 4.0.30319.42000
WSManStackVersion: 3.0
PSRemotingProtocolVersion: 2.3
SerializationVersion: 1.1.0.1
**********************
  正在检查模组更新...

    本地脚本版本更新，保留本地版本 (v2.6.0 > v2.5.3)
  ── 模组更新检查 ──
                            05-10 13:02


模组ID


中文名


作者


版本


通道


联机都要装?

说明
    ────────────────────  ──────────────  ─────────────  ──────────────────  ─────  ───────────  ───────────────────────

[√]
ModConfig


模组配置


皮一下就很凡


v0.2.3


正式


否


重新打包发布 zip...

[√]
SpeedX


皮皮极速


皮一下就很凡


v0.11.7


正式


否


修复 v0.105....

1.

DamageMeter


伤害统计


皮一下就很凡


v1.14.2→v1.14.4


正式


否


【正式更新】 正式版...

2.

QuickLink


皮皮快连


皮一下就很凡


v0.9.3→v0.9.7


正式


是


【正式更新】 正式版...

3.

Rewind


皮皮倒带


皮一下就很凡


v0.25.5→v0.26.10


正式


否


【正式更新】 正式版...

  [!] 启动阶段仅提示可安装/更新模组；如需处理，请进入主菜单后选择 6。


  按 D=查看详情 / Enter=继续:

  ── 模组详情 ──

  [正式] 皮皮配置: ModConfig
      中文名:    模组配置
      作者:      皮一下就很凡
      通道:      正式
      联机同装:  否
    本地版本:
v0.2.3
    云端版本:
v0.2.3
      状态说明:  正式版已是最新。
      发布日期:  2026-04-19
      更新日志:
      - 游戏 v0.99+ 起 <ModId>.json 是唯一的外部 root manifest，但 mod loader 依然会扫描 legacy mod_manifest.json —— 同目录两份 manifest 会被 loader 各自注册为独立模组条目，游戏菜单里就出现同名的红色「已加载」坏条目。
      - 上一版发布 zip 里同时带了两份 manifest。虽然 ModManager.ps1 安装/更新时会调用 Remove-LegacyExternalManifest 清理玩家目录，但 zip 里还带着 mod_manifest.json，紧跟的 Copy-Item 又把它复制回来，等于白清理。
      - 本版重新打包的 zip 只含 <Mod>.json + DLL + PCK，不含 mod_manifest.json。没有代码变更。从上一版更新过来时，ModManager 会删掉玩家目录里残留的 mod_manifest.json，重复条目消失。

  [正式] 皮皮极速: SpeedX
      中文名:    皮皮极速
      作者:      皮一下就很凡
      通道:      正式
      联机同装:  否
    本地版本:
v0.11.7
    云端版本:
v0.11.7
      状态说明:  正式版已是最新。
      发布日期:  2026-05-08
      更新日志:
      - 修复 v0.105.0 删除 NRewardsScreen.SetRewards、把奖励按钮生成移动到 _Ready 后，SpeedX 在 Harmony PatchAll 阶段失败的问题。
      - 自动拾取会在 v0.103.2 上继续挂 SetRewards，在 v0.105.0 上自动改挂 _Ready，从而恢复整体倍速/跳动画等补丁初始化。
      - 继续保持 v0.103.2/v0.105.0 单 DLL 兼容构建，并通过 IL 静态兼容检查。

  [正式] 皮皮统计: Skada
      中文名:    伤害统计
      作者:      皮一下就很凡
      通道:      正式
      联机同装:  否
    本地版本:
v1.14.2
    云端版本:
v1.14.4
      状态说明:  正式版有新版本可更新。
      发布日期:  2026-05-09
      更新日志:
      - 修复 STS2 v0.105.0 将 Creature.CombatState 从 CombatState 改为 ICombatState 后，末日击杀与持续伤害归因路径可能触发的兼容问题。
      - DamageMeter 接入共享 Sts2Compat 运行时桥，同一 DLL 继续支持 v0.103.2 正式服与 v0.105.0 测试服。
      - 玩家列表读取增加反射回退，助攻、中毒、末日等归因逻辑在新旧 CombatState 形态下保持安全。

  [正式] 皮皮快连: QuickLink
      中文名:    皮皮快连
      作者:      皮一下就很凡
      通道:      正式
      联机同装:  是
      本地名称:  QuickLink
    本地版本:
v0.9.3
    云端版本:
v0.9.7
      状态说明:  正式版有新版本可更新。
      发布日期:  2026-04-25
      更新日志:
      - 项目改用共享的 STS2 兼容编译属性，并源码链接 Sts2Compat 兼容层。
      - 检查点保存补丁继续显式绑定 SaveRun(AbstractRoom)，避免 v0.104 新增重载导致 Harmony 歧义。
      - 将 QuickLink 纳入 IL 静态兼容检查，方便后续 STS2 beta 更新时提前发现问题。

  [正式] 皮皮倒带: Rewind
      中文名:    皮皮倒带
      作者:      皮一下就很凡
      通道:      正式
      联机同装:  否
      本地名称:  Rewind
    本地版本:
v0.25.5
    云端版本:
v0.26.10
      状态说明:  正式版有新版本可更新。
      发布日期:  2026-05-09
      更新日志:
      - 将倒带的继续游戏/读档追踪改为运行时解析 RunManager.SetUpSavedSinglePlayer，同时覆盖 v0.103.2 的 void 签名与 v0.105.0 的 Task 返回签名，保持单 DLL 双版本可用。
      - 重新审计 Rewind 直接触达的 STS2 方法引用；在已有选牌器与 PowerCmd 兼容桥之后，没有发现剩余的直接调用签名不匹配。
      - 稳定服 v0.103.2 与测试服 v0.105.0 下，reload 统计和外部读档检测 patch 都会继续生效。


  按任意键继续...


  ╔══════════════════════════════════════════════╗
  ║   杀戮尖塔2 模组管理器 v2.6.0              ║
  ║   Slay the Spire 2 Mod Manager              ║
  ╚══════════════════════════════════════════════╝
  ┌
 公告
──────────────────────────────────────────────────────────────────────┐
  │
作者/B站:
皮一下就很凡@Bilibili
  |  主页:
space.bilibili.com/26786884
      │
  │
QQ群:
1091537676
  |
有问题可来群里讨论，测试版模组优先发群里
              │
  │
缓存:
启动自动检查有12小时缓存
  |
不确定是否最新时运行 6. 检查在线更新
    │
  │
数据站:
http://124.223.63.165/
  |
记得更新Skada DPS插件，解锁数据上传功能~
 │
  └────────────────────────────────────────────────────────────────────────────┘

  [√] 游戏目录: D:\SteamLibrary\steamapps\common\Slay the Spire 2
        已安装 29 个模组 | 可安装 6 个模组

  [↑] 3 个模组可安装/更新 (选 6 查看详情)

    1. 安装模组
    2. 卸载模组
    3. 查看已安装模组
    4. 存档管理
    5. 设置
    6. 在线更新模组 (3)
    7. 测试模组资格
    0. 退出

  请选择 [0-7]:

  安装模组
  ──────

  可用模组:


模组ID


中文名


作者


版本


通道


联机都要装?

说明
    ─────────────────────────────  ─────────────────  ─────────────  ──────────────────  ─────  ───────────  ───────────────────────

1.

DamageMeter


伤害统计


皮一下就很凡


v1.14.2→v1.14.4


正式


否


【可更新】离线包较新...

2.

ModConfig


模组配置


皮一下就很凡


v0.2.3


正式


否


【已安装】当前已是该...

3.

QuickLink


皮皮快连


皮一下就很凡


v0.9.3→v0.9.7


正式


是


【可更新】离线包较新...

4.

RemoveMultiplayerPlayerLimit


移除联机人数限制


雨霁Amagari


v0.0.5


正式


是


【可安装】离线稳定版

5.

Rewind


皮皮倒带


皮一下就很凡


v0.25.5→v0.26.10


正式


否


【可更新】离线包较新...

6.

SpeedX


皮皮极速


皮一下就很凡


v0.11.7


正式


否


【已安装】当前已是该...
    A. 安装全部
    0. 返回主菜单

  请选择要安装的模组 [编号/A/0]:

  正在安装: 皮皮统计: Skada (DamageMeter_v1.14.4) v1.14.4 by 皮一下就很凡@Bilibili ...
    安装目录: DamageMeter
      已清理旧的 mod_manifest.json
    [√] DamageMeter.dll
    [√] DamageMeter.json
    [√] DamageMeter.pck
  [√] 皮皮统计: Skada (DamageMeter_v1.14.4) v1.14.4 by 皮一下就很凡@Bilibili 安装完成 (共 3 个文件)

  正在安装: 皮皮快连: QuickLink (QuickLink_v0.9.7) v0.9.7 by 皮一下就很凡@Bilibili ...
    安装目录: QuickLink
    [√] QuickLink.dll
    [√] QuickLink.json
    [√] QuickLink.pck
  [√] 皮皮快连: QuickLink (QuickLink_v0.9.7) v0.9.7 by 皮一下就很凡@Bilibili 安装完成 (共 3 个文件)

  正在安装: Remove Multiplayer Player Limit (RemoveMultiplayerPlayerLimit) v0.0.5 by Rain_G ...
    [√] mod_manifest.json
    [√] RemoveMultiplayerPlayerLimit.dll
    [√] RemoveMultiplayerPlayerLimit.json
    [√] RemoveMultiplayerPlayerLimit.pck
  [√] Remove Multiplayer Player Limit (RemoveMultiplayerPlayerLimit) v0.0.5 by Rain_G 安装完成 (共 4 个文件)

  正在安装: 皮皮倒带: Rewind (Rewind_v0.26.10) v0.26.10 by 皮一下就很凡@Bilibili ...
    安装目录: Rewind
    [√] Rewind.dll
    [√] Rewind.json
    [√] Rewind.pck
  [√] 皮皮倒带: Rewind (Rewind_v0.26.10) v0.26.10 by 皮一下就很凡@Bilibili 安装完成 (共 3 个文件)

  ──────────────────────────────────
  [√] 模组安装完成！

  提示: 杀戮尖塔2的模组存档和原版存档是分开的。
  首次使用模组时，模组存档为空（新档）。

  原版存档: 槽位1:有(05-10 13:02)  槽位2:空  槽位3:空
  模组存档: 槽位1:有(04-06 11:25)  槽位2:空  槽位3:空

  是否要将原版存档复制到模组存档？（会自动备份）


  复制存档？ [Y/N]:

  按任意键继续...


  ╔══════════════════════════════════════════════╗
  ║   杀戮尖塔2 模组管理器 v2.6.0              ║
  ║   Slay the Spire 2 Mod Manager              ║
  ╚══════════════════════════════════════════════╝
  ┌
 公告
──────────────────────────────────────────────────────────────────────┐
  │
作者/B站:
皮一下就很凡@Bilibili
  |  主页:
space.bilibili.com/26786884
      │
  │
QQ群:
1091537676
  |
有问题可来群里讨论，测试版模组优先发群里
              │
  │
缓存:
启动自动检查有12小时缓存
  |
不确定是否最新时运行 6. 检查在线更新
    │
  │
数据站:
http://124.223.63.165/
  |
记得更新Skada DPS插件，解锁数据上传功能~
 │
  └────────────────────────────────────────────────────────────────────────────┘

  [√] 游戏目录: D:\SteamLibrary\steamapps\common\Slay the Spire 2
        已安装 30 个模组 | 可安装 6 个模组

  [↑] 3 个模组可安装/更新 (选 6 查看详情)

    1. 安装模组
    2. 卸载模组
    3. 查看已安装模组
    4. 存档管理
    5. 设置
    6. 在线更新模组 (3)
    7. 测试模组资格
    0. 退出

  请选择 [0-7]:
  正在检查模组更新...

  ── 模组更新检查 ──
                            05-10 13:03


模组ID


中文名


作者


版本


通道


联机都要装?

说明
    ─────────────────────────────  ─────────────────  ─────────────  ──────────────  ─────  ───────────  ───────────────────────

[√]
DamageMeter


伤害统计


皮一下就很凡


v1.14.4


正式


否


兼容 v0.105 ...

[√]
ModConfig


模组配置


皮一下就很凡


v0.2.3


正式


否


重新打包发布 zip...

[√]
QuickLink


皮皮快连


皮一下就很凡


v0.9.7


正式


是


使用固定 STS2 ...

[√]
RemoveMultiplayerPlayerLimit


移除联机人数限制


雨霁Amagari


v0.0.5


正式


是


适配 v0.99 b...

[√]
Rewind


皮皮倒带


皮一下就很凡


v0.26.10


正式


否


增强 v0.105 ...

[√]
SpeedX


皮皮极速


皮一下就很凡


v0.11.7


正式


否


修复 v0.105....

  [√] 所有已追踪模组已是最新状态


  按 D=查看详情 / Enter=回到主菜单:

  ╔══════════════════════════════════════════════╗
  ║   杀戮尖塔2 模组管理器 v2.6.0              ║
  ║   Slay the Spire 2 Mod Manager              ║
  ╚══════════════════════════════════════════════╝
  ┌
 公告
──────────────────────────────────────────────────────────────────────┐
  │
作者/B站:
皮一下就很凡@Bilibili
  |  主页:
space.bilibili.com/26786884
      │
  │
QQ群:
1091537676
  |
有问题可来群里讨论，测试版模组优先发群里
              │
  │
缓存:
启动自动检查有12小时缓存
  |
不确定是否最新时运行 6. 检查在线更新
    │
  │
数据站:
http://124.223.63.165/
  |
记得更新Skada DPS插件，解锁数据上传功能~
 │
  └────────────────────────────────────────────────────────────────────────────┘

  [√] 游戏目录: D:\SteamLibrary\steamapps\common\Slay the Spire 2
        已安装 30 个模组 | 可安装 6 个模组
  [√] 模组已是最新
    05-10 13:03

    1. 安装模组
    2. 卸载模组
    3. 查看已安装模组
    4. 存档管理
    5. 设置
    6. 检查在线更新
    7. 测试模组资格
    0. 退出

  请选择 [0-7]:

  测试模组资格
  ────────

    当前没有已录入的测试模组资格。

    1. 输入测试码
    2. 查看已解锁测试模组
    3. 删除某个测试模组资格
    4. 清空全部测试资格
    0. 返回主菜单

  请选择 [0-4]:

  测试模组资格
  ────────

    当前没有已录入的测试模组资格。

    1. 输入测试码
    2. 查看已解锁测试模组
    3. 删除某个测试模组资格
    4. 清空全部测试资格
    0. 返回主菜单

  请选择 [0-4]:

  ╔══════════════════════════════════════════════╗
  ║   杀戮尖塔2 模组管理器 v2.6.0              ║
  ║   Slay the Spire 2 Mod Manager              ║
  ╚══════════════════════════════════════════════╝
  ┌
 公告
──────────────────────────────────────────────────────────────────────┐
  │
作者/B站:
皮一下就很凡@Bilibili
  |  主页:
space.bilibili.com/26786884
      │
  │
QQ群:
1091537676
  |
有问题可来群里讨论，测试版模组优先发群里
              │
  │
缓存:
启动自动检查有12小时缓存
  |
不确定是否最新时运行 6. 检查在线更新
    │
  │
数据站:
http://124.223.63.165/
  |
记得更新Skada DPS插件，解锁数据上传功能~
 │
  └────────────────────────────────────────────────────────────────────────────┘

  [√] 游戏目录: D:\SteamLibrary\steamapps\common\Slay the Spire 2
        已安装 30 个模组 | 可安装 6 个模组
  [√] 模组已是最新
    05-10 13:03

    1. 安装模组
    2. 卸载模组
    3. 查看已安装模组
    4. 存档管理
    5. 设置
    6. 检查在线更新
    7. 测试模组资格
    0. 退出

  请选择 [0-7]:

  已安装模组
  ───────

  游戏目录: D:\SteamLibrary\steamapps\common\Slay the Spire 2
  模组目录: D:\SteamLibrary\steamapps\common\Slay the Spire 2\mods


模组ID


中文名


作者


版本


通道


联机都要装?

说明
    ──────────────────────────────  ────────────────────  ─────────────  ──────────────  ─────  ───────────  ───────────────────────

1.

.git


.git


-


未安装


正式


否


【已安装】目录 / ...

2.

_inner


_inner


-


未安装


正式


否


【已安装】目录 / ...

3.

4.28


4.28


-


vV1.0


正式


否


【已安装】目录 / ...

4.

ancientillustrationreplacer


ancientillustrati...

-


v1.0.0


正式


否


【已安装】目录 / ...

5.

BaseLib


BaseLib


-


vv3.1.2


正式


否


【已安装】目录 / ...

6.

BetterSpire2


BetterSpire2


-


vv1.82.1


正式


否


【已安装】目录 / ...

7.

CalypsosHappyHour


CalypsosHappyHour


-


vv1.1.3


正式


否


【已安装】目录 / ...

8.

cutenecrobinder0.4


cutenecrobinder0.4


-


vv1.0.0


正式


否


【已安装】目录 / ...

9.

DamageMeter


伤害统计


皮一下就很凡


v1.14.4


正式


否


【已安装】目录 / ...

10.

EarlyDoom-36-1-0-3-1773951268


EarlyDoom-36-1-0-...

-


未安装


正式


否


【已安装】目录 / ...

11.

HextechRunes


HextechRunes


-


v0.5.4


正式


否


【已安装】目录 / ...

12.

HighlightPotionCards-311-0-...

HighlightPotionCa...

-


未安装


正式


否


【已安装】目录 / ...

13.

Mesugaki


Mesugaki


-


v0.1.1


正式


否


【已安装】目录 / ...

14.

ModConfig


模组配置


皮一下就很凡


v0.2.3


正式


否


【已安装】目录 / ...

15.

MoreCardRewards-23-1-5-0-17...

MoreCardRewards-2...

-


未安装


正式


否


【已安装】目录 / ...

16.

Potion Rarity Display-30-1-...

Potion Rarity Dis...

-


未安装


正式


否


【已安装】目录 / ...

17.

QuickLink


皮皮快连


皮一下就很凡


v0.9.7


正式


是


【已安装】目录 / ...

18.

QuickRestart


QuickRestart


-


v1.0.0


正式


否


【已安装】目录 / ...

19.

RefreshAncient-468-1-3-1775...

RefreshAncient-46...

-


未安装


正式


否


【已安装】目录 / ...

20.

RegentCardsAnimeRework


RegentCardsAnimeR...

-


vv0.4


正式


否


【已安装】目录 / ...

21.

RegentFX


RegentFX


-


v0.2.0


正式


否


【已安装】目录 / ...

22.

RelicRarityDisplay


RelicRarityDisplay


-


v1.1


正式


否


【已安装】目录 / ...

23.

RelicTracker - v0.103.2-130...

RelicTracker - v0...

-


未安装


正式


否


【已安装】目录 / ...

24.

RemoveMultiplayerPlayerLimit


移除联机人数限制


雨霁Amagari


v0.0.5


正式


是


【已安装】目录 / ...

25.

Rewind


皮皮倒带


皮一下就很凡


v0.26.10


正式


否


【已安装】目录 / ...

26.

RouteSuggest


RouteSuggest


-


v1.9.0


正式


否


【已安装】目录 / ...

27.

SpeedX


皮皮极速


皮一下就很凡


v0.11.7


正式


否


【已安装】目录 / ...

28.

STS2-RitsuLib


STS2-RitsuLib


-


v0.2.29


正式


否


【已安装】目录 / ...

29.

UnifiedSavePath


UnifiedSavePath


-


v1.0.0


正式


否


【已安装】目录 / ...

30.

劣人美化和卡面美化


劣人美化和卡面美化


-


未安装


正式


否


【已安装】目录 / ...

  共 30 个模组

  按 D=查看文件详情 / Enter=返回:
